1>Se ejecut贸 'crearTAGGeneros' exitosamente.
2>Se ejecut贸 'liberarTAGGeneros' exitosamente.
3>Se ejecut贸 'crearTAGGeneros' exitosamente.
4>Se ejecut贸 'liberarTAGGeneros' exitosamente.
5>Fin.
