1>Biblioteca creada exitosamente.
2>Socio de ci 12345678 creado exitosamente.
3>Socio de CI 12345678 agregado a la biblioteca.
4>Socio de ci 23456789 creado exitosamente.
5>Socio de CI 23456789 agregado a la biblioteca.
6>7>8>Libro de ISBN 411222335 agregado a la biblioteca.
9>10>11>Libro de ISBN 421233446 agregado a la biblioteca.
12>El libro de ISBN 411222335 está disponible.
13>El libro de ISBN 421233446 está disponible.
14>15>Préstamo del libro 411222335 al socio 12345678 registrado.
16>LDE Préstamos:
Préstamo de libro Todos los fuegos el fuego a Jim Dear.
1/3/1970
No retornado
17>El libro de ISBN 411222335 NO está disponible.
18>El libro de ISBN 421233446 está disponible.
19>Biblioteca liberada exitosamente.
20>Fin.
