1>Biblioteca creada exitosamente.
2>Genero agregado a la biblioteca3>Genero agregado a la biblioteca4>Genero agregado a la biblioteca5>Genero agregado a la biblioteca6>Genero agregado a la biblioteca7>Genero agregado a la biblioteca8>9>10>Libro de ISBN 1984 agregado a la biblioteca.
11>12>13>Libro de ISBN 1932 agregado a la biblioteca.
14>15>16>Libro de ISBN 1933 agregado a la biblioteca.
17>18>19>Libro de ISBN 1934 agregado a la biblioteca.
20>21>22>Libro de ISBN 1935 agregado a la biblioteca.
23>24>25>Libro de ISBN 1936 agregado a la biblioteca.
26>Libro 1933
Título: El Amor en los tiempos de colera
Autor: Gabriel Garcia Marquez
Descripción: Romantico
Género: 18
Fecha de edición: 2/2/1960
Libro 1934
Título: Harry Potter
Autor: JK Rowling
Descripción: Aventura
Género: 18
Fecha de edición: 3/3/1961
Libro 1935
Título: El extranjero
Autor: Albert Camus
Descripción: Aventura
Género: 100
Fecha de edición: 3/3/1961
Libro 1936
Título: La insoportable levedad del ser
Autor: Milan Kundera
Descripción: Romantico
Género: 13
Fecha de edición: 3/3/1961
27>Biblioteca liberada exitosamente.
28>Fin.
