1>Biblioteca creada exitosamente.
2>Socio de ci 12345678 creado exitosamente.
3>Genero agregado a la biblioteca4>5>6>Libro de ISBN 431244557 agregado a la biblioteca.
7>Reserva del libro 431244557 para el socio 12345678 registrada.
8>Cola de Reservas:
9>Socio de CI 12345678 agregado a la biblioteca.
10>Socio de ci 12345679 creado exitosamente.
11>Reserva del libro 431244557 para el socio 12345678 registrada.
12>Cola de Reservas:
13>14>Préstamo del libro 431244557 al socio 12345678 registrado.
15>Reserva del libro 431244557 para el socio 12345677 registrada.
16>Cola de Reservas:
17>Reserva del libro 431244587 para el socio 12345678 registrada.
18>Cola de Reservas:
19>Reserva del libro 431244557 para el socio 12345678 registrada.
20>Reserva del libro 431244557 para el socio 12345679 registrada.
21>Socio de CI 12345679 agregado a la biblioteca.
22>Cola de Reservas:
Reserva de libro Lo bello y lo triste por Jim Dear.
23>Reserva del libro 431244557 para el socio 12345679 registrada.
24>Cola de Reservas:
Reserva de libro Lo bello y lo triste por Jim Dear.
Reserva de libro Lo bello y lo triste por Raul Rodriguez.
25>26>Devolución del libro 431244557 por el socio 12345678 registrada.
27>Socio de ci 12345677 creado exitosamente.
28>Socio de CI 12345677 agregado a la biblioteca.
29>Reserva del libro 431244557 para el socio 12345677 registrada.
30>Cola de Reservas:
Reserva de libro Lo bello y lo triste por Jim Dear.
Reserva de libro Lo bello y lo triste por Raul Rodriguez.
31>Biblioteca liberada exitosamente.
32>Fin.
