1>Se ejecut贸 'crearTColaReservas' exitosamente
2>Se ejecut贸 'liberarTColaReservas' exitosamente
3>Se ejecut贸 'crearTColaReservas' exitosamente
4>Se ejecut贸 'liberarTColaReservas' exitosamente
5>Fin.
