1>Prueba de conjunto generos (insertar, union, intersecciÃ³n, diferencia) para 1000000 entradas. Calculado correctamente en menos de 1s.
2>Fin.
