1>Socio de ci 12345678 creado exitosamente.
2>3>4>Reserva de libro de isbn 411222335 a socio 12345678 creada exitosamente.
5>Reserva de libro Todos los fuegos el fuego por Jim Dear.
6>Se ejecutó 'liberarTReserva' exitosamente.
7>Socio de ci 12345678 creado exitosamente.
8>9>10>Reserva de libro de isbn 431244557 a socio 12345678 creada exitosamente.
11>Reserva de libro Lo bello y lo triste por Jim Dear.
12>Se ejecutó 'liberarTReserva' exitosamente.
13>Fin.
